<div class="openblock">
 <div class="content">
  <div class="listingblock">
   <div class="title">
    Kotlin
   </div>
   <div class="content">
    <pre class="highlight"><code class="language-kotlin" data-lang="kotlin">somekotlin</code></pre>
   </div>
  </div>
 </div>
</div>