<div class="openblock">
 <div class="content">
  <div class="listingblock">
   <div class="title">
    Java
   </div>
   <div class="content">
    <pre class="highlight"><code class="language-java" data-lang="java">somejava
</code></pre>
   </div>
  </div>
 </div>
</div>