<div class="listingblock">
 <div class="content">
  <pre class="highlight"><code class="language-kotlin" data-lang="kotlin">somekotlin
</code></pre>
 </div>
</div>