<div class="listingblock">
 <div class="content">
  <pre class="highlight"><code class="language-java" data-lang="java">somejava
</code></pre>
 </div>
</div>