public class Example {

	private String field1;

	private String field2;

}