Object chomp1 = ...
Object nonChomp1 = new Object();
Object chomp2 = ...
Object nonChomp2 = new Object();