public class Example {

	public void method() {
		new StringBuilder();
	}

}