<span class="fold-block">public class Example {

</span><span class="fold-block hide-when-folded">	private final String first;

	private final String second;

</span><span class="fold-block">	public Example(String first, String second) {
		this.first = first;
		this.second = second;
	}

}
</span>