<span class="fold-block hide-when-folded">import java.net.InetAddress;
import java.util.List;

import org.springframework.boot.context.properties.ConfigurationProperties;
import org.springframework.boot.context.properties.ConstructorBinding;
import org.springframework.boot.context.properties.bind.DefaultValue;

</span><span class="fold-block">public class Example {

</span><span class="fold-block hide-when-unfolded">	// getters...

</span><span class="fold-block hide-when-folded">	private final String first;

	private final String second;

</span><span class="fold-block">	public Example(String first, String second) {
		this.first = first;
		this.second = second;
	}

}
</span>